Operating system: Linux
                  0.0.0 Linux 4.18.0-477.21.1.el8_8.x86_64 #1 SMP Thu Jul 20 08:38:27 EDT 2023 x86_64
CPU: amd64
     family 6 model 106 stepping 6
     1 CPU

GPU: UNKNOWN

Crash reason:  DUMP_REQUESTED
Crash address: 0x7fa33f85c406
Process uptime: not available

Thread 0 (crashed)
 0  libcbreakpad.so + 0x36406
    rax = 0x0000000000000000   rdx = 0x0000000000000000
    rcx = 0x00007fa33f85acb2   rbx = 0x00007fa33dbe6ea0
    rsi = 0x0000000000000001   rdi = 0x00007fa33dbe6828
    rbp = 0x00007fa33dbe6de0   rsp = 0x00007fa33dbe6790
     r8 = 0x0000000000000000    r9 = 0x0000000000000000
    r10 = 0x0000000000000000   r11 = 0x0000000000000000
    r12 = 0x0000000000000000   r13 = 0x00007fa33dbe7198
    r14 = 0x00007fa33dbe6e20   r15 = 0x0000000006167bec
    rip = 0x00007fa33f85c406
    Found by: given as instruction pointer in context
 1  libcbreakpad.so + 0x34672
    rbp = 0x00007fa33dbe6f30   rsp = 0x00007fa33dbe6df0
    rip = 0x00007fa33f85a672
    Found by: previous frame's frame pointer

Loaded modules:
0x00400000 - 0x02508fff  xmsim  ???  (main)
0x7fa33ccb4000 - 0x7fa33ccc3fff  waves.dsn  ???
0x7fa33ccc4000 - 0x7fa33cd22fff  libdwapi.so  ???
0x7fa33d337000 - 0x7fa33d34dfff  libml_uvm.so  ???
0x7fa33dbeb000 - 0x7fa33dcf9fff  libStrapNC.so  ???
0x7fa33ddb0000 - 0x7fa33de41fff  libdcapi.so  ???
0x7fa33de71000 - 0x7fa33deb7fff  LC_CTYPE  ???
0x7fa33deb8000 - 0x7fa33df3afff  libpcre2-8.so.0.7.1  ???
0x7fa33e13c000 - 0x7fa33e162fff  libselinux.so.1  ???
0x7fa33e367000 - 0x7fa33e36dfff  libuuid.so.1.3.0  ???
0x7fa33e56f000 - 0x7fa33e5bbfff  libblkid.so.1.1.0  ???
0x7fa33e7c2000 - 0x7fa33e817fff  libmount.so.1.1.0  ???
0x7fa33ea1c000 - 0x7fa33ea22fff  librt-2.28.so  ???
0x7fa33ec24000 - 0x7fa33ecc7fff  libnss_myhostname.so.2  ???
0x7fa33eecf000 - 0x7fa33eee2fff  libresolv-2.28.so  ???
0x7fa33f0e7000 - 0x7fa33f0ebfff  libnss_dns-2.28.so  ???
0x7fa33f2ee000 - 0x7fa33f2f8fff  libnss_files-2.28.so  ???
0x7fa33f501000 - 0x7fa33f50afff  libnss_sss.so.2  ???
0x7fa33f78d000 - 0x7fa33f81cfff  libxmjudy.so.1.0.3  ???
0x7fa33f826000 - 0x7fa33f879fff  libcbreakpad.so  ???  (WARNING: No symbols, libcbreakpad.so, AFEE64E8DCCB702F471812F06340E4030)
0x7fa33f897000 - 0x7fa33fa63fff  libc-2.28.so  ???
0x7fa33fc6d000 - 0x7fa33fc80fff  libgcc_s.so.1  ???
0x7fa33fc87000 - 0x7fa33fe07fff  libm-2.28.so  ???
0x7fa340009000 - 0x7fa34000bfff  libdl-2.28.so  ???
0x7fa34020d000 - 0x7fa340227fff  libpthread-2.28.so  ???
0x7fa34042d000 - 0x7fa34045bfff  ld-2.28.so  ???
0x7fa34046c000 - 0x7fa3405eafff  libstdc++.so.6.0.28  ???
0x7fa34064f000 - 0x7fa340653fff  libxdt.so  ???
0x7ffc83522000 - 0x7ffc83523fff  linux-gate.so  ???

******BACKTRACE*****
vserror (xmsim) [0x19fb0b7]
serror (xmsim) [0x19fcce5]
sv_seghandler_aux (xmsim) [0xc0b4be]
sv_seghandler (xmsim) [0xc0bd7d]
******BACKTRACE END*****