Operating system: Linux
                  0.0.0 Linux 4.18.0-477.21.1.el8_8.x86_64 #1 SMP Thu Jul 20 08:38:27 EDT 2023 x86_64
CPU: amd64
     family 6 model 106 stepping 6
     1 CPU

GPU: UNKNOWN

Crash reason:  DUMP_REQUESTED
Crash address: 0x7fce874e5406
Process uptime: not available

Thread 0 (crashed)
 0  libcbreakpad.so + 0x36406
    rax = 0x0000000000000000   rdx = 0x0000000000000000
    rcx = 0x00007fce874e3cb2   rbx = 0x00007fce8586fea0
    rsi = 0x0000000000000001   rdi = 0x00007fce8586f828
    rbp = 0x00007fce8586fde0   rsp = 0x00007fce8586f790
     r8 = 0x0000000000000000    r9 = 0x0000000000000000
    r10 = 0x0000000000000000   r11 = 0x0000000000000000
    r12 = 0x0000000000000000   r13 = 0x00007fce85870198
    r14 = 0x00007fce8586fe20   r15 = 0x0000000005042b4c
    rip = 0x00007fce874e5406
    Found by: given as instruction pointer in context
 1  libcbreakpad.so + 0x34672
    rbp = 0x00007fce8586ff30   rsp = 0x00007fce8586fdf0
    rip = 0x00007fce874e3672
    Found by: previous frame's frame pointer

Loaded modules:
0x00400000 - 0x02508fff  xmsim  ???  (main)
0x7fce8493e000 - 0x7fce8494dfff  waves.dsn  ???
0x7fce8494e000 - 0x7fce849acfff  libdwapi.so  ???
0x7fce84fc0000 - 0x7fce84fd6fff  libml_uvm.so  ???
0x7fce85874000 - 0x7fce85982fff  libStrapNC.so  ???
0x7fce85a39000 - 0x7fce85acafff  libdcapi.so  ???
0x7fce85afa000 - 0x7fce85b40fff  LC_CTYPE  ???
0x7fce85b41000 - 0x7fce85bc3fff  libpcre2-8.so.0.7.1  ???
0x7fce85dc5000 - 0x7fce85debfff  libselinux.so.1  ???
0x7fce85ff0000 - 0x7fce85ff6fff  libuuid.so.1.3.0  ???
0x7fce861f8000 - 0x7fce86244fff  libblkid.so.1.1.0  ???
0x7fce8644b000 - 0x7fce864a0fff  libmount.so.1.1.0  ???
0x7fce866a5000 - 0x7fce866abfff  librt-2.28.so  ???
0x7fce868ad000 - 0x7fce86950fff  libnss_myhostname.so.2  ???
0x7fce86b58000 - 0x7fce86b6bfff  libresolv-2.28.so  ???
0x7fce86d70000 - 0x7fce86d74fff  libnss_dns-2.28.so  ???
0x7fce86f77000 - 0x7fce86f81fff  libnss_files-2.28.so  ???
0x7fce8718a000 - 0x7fce87193fff  libnss_sss.so.2  ???
0x7fce87416000 - 0x7fce874a5fff  libxmjudy.so.1.0.3  ???
0x7fce874af000 - 0x7fce87502fff  libcbreakpad.so  ???  (WARNING: No symbols, libcbreakpad.so, AFEE64E8DCCB702F471812F06340E4030)
0x7fce87520000 - 0x7fce876ecfff  libc-2.28.so  ???
0x7fce878f6000 - 0x7fce87909fff  libgcc_s.so.1  ???
0x7fce87910000 - 0x7fce87a90fff  libm-2.28.so  ???
0x7fce87c92000 - 0x7fce87c94fff  libdl-2.28.so  ???
0x7fce87e96000 - 0x7fce87eb0fff  libpthread-2.28.so  ???
0x7fce880b6000 - 0x7fce880e4fff  ld-2.28.so  ???
0x7fce880f5000 - 0x7fce88273fff  libstdc++.so.6.0.28  ???
0x7fce882d8000 - 0x7fce882dcfff  libxdt.so  ???
0x7ffdb3bf2000 - 0x7ffdb3bf3fff  linux-gate.so  ???

******BACKTRACE*****
vserror (xmsim) [0x19fb0b7]
serror (xmsim) [0x19fcce5]
sv_seghandler_aux (xmsim) [0xc0b4be]
sv_seghandler (xmsim) [0xc0bd7d]
******BACKTRACE END*****