Operating system: Linux
                  0.0.0 Linux 4.18.0-477.21.1.el8_8.x86_64 #1 SMP Thu Jul 20 08:38:27 EDT 2023 x86_64
CPU: amd64
     family 6 model 106 stepping 6
     1 CPU

GPU: UNKNOWN

Crash reason:  DUMP_REQUESTED
Crash address: 0x7f0a331c8406
Process uptime: not available

Thread 0 (crashed)
 0  libcbreakpad.so + 0x36406
    rax = 0x0000000000000000   rdx = 0x0000000000000000
    rcx = 0x00007f0a331c6cb2   rbx = 0x00007f0a31552ea0
    rsi = 0x0000000000000001   rdi = 0x00007f0a31552828
    rbp = 0x00007f0a31552de0   rsp = 0x00007f0a31552790
     r8 = 0x0000000000000000    r9 = 0x0000000000000000
    r10 = 0x0000000000000000   r11 = 0x0000000000000000
    r12 = 0x0000000000000000   r13 = 0x00007f0a31553198
    r14 = 0x00007f0a31552e20   r15 = 0x0000000005d97bcc
    rip = 0x00007f0a331c8406
    Found by: given as instruction pointer in context
 1  libcbreakpad.so + 0x34672
    rbp = 0x00007f0a31552f30   rsp = 0x00007f0a31552df0
    rip = 0x00007f0a331c6672
    Found by: previous frame's frame pointer

Loaded modules:
0x00400000 - 0x02508fff  xmsim  ???  (main)
0x7f0a30620000 - 0x7f0a3062ffff  waves.dsn  ???
0x7f0a30630000 - 0x7f0a3068efff  libdwapi.so  ???
0x7f0a30ca3000 - 0x7f0a30cb9fff  libml_uvm.so  ???
0x7f0a31557000 - 0x7f0a31665fff  libStrapNC.so  ???
0x7f0a3171c000 - 0x7f0a317adfff  libdcapi.so  ???
0x7f0a317dd000 - 0x7f0a31823fff  LC_CTYPE  ???
0x7f0a31824000 - 0x7f0a318a6fff  libpcre2-8.so.0.7.1  ???
0x7f0a31aa8000 - 0x7f0a31acefff  libselinux.so.1  ???
0x7f0a31cd3000 - 0x7f0a31cd9fff  libuuid.so.1.3.0  ???
0x7f0a31edb000 - 0x7f0a31f27fff  libblkid.so.1.1.0  ???
0x7f0a3212e000 - 0x7f0a32183fff  libmount.so.1.1.0  ???
0x7f0a32388000 - 0x7f0a3238efff  librt-2.28.so  ???
0x7f0a32590000 - 0x7f0a32633fff  libnss_myhostname.so.2  ???
0x7f0a3283b000 - 0x7f0a3284efff  libresolv-2.28.so  ???
0x7f0a32a53000 - 0x7f0a32a57fff  libnss_dns-2.28.so  ???
0x7f0a32c5a000 - 0x7f0a32c64fff  libnss_files-2.28.so  ???
0x7f0a32e6d000 - 0x7f0a32e76fff  libnss_sss.so.2  ???
0x7f0a330f9000 - 0x7f0a33188fff  libxmjudy.so.1.0.3  ???
0x7f0a33192000 - 0x7f0a331e5fff  libcbreakpad.so  ???  (WARNING: No symbols, libcbreakpad.so, AFEE64E8DCCB702F471812F06340E4030)
0x7f0a33203000 - 0x7f0a333cffff  libc-2.28.so  ???
0x7f0a335d9000 - 0x7f0a335ecfff  libgcc_s.so.1  ???
0x7f0a335f3000 - 0x7f0a33773fff  libm-2.28.so  ???
0x7f0a33975000 - 0x7f0a33977fff  libdl-2.28.so  ???
0x7f0a33b79000 - 0x7f0a33b93fff  libpthread-2.28.so  ???
0x7f0a33d99000 - 0x7f0a33dc7fff  ld-2.28.so  ???
0x7f0a33dd8000 - 0x7f0a33f56fff  libstdc++.so.6.0.28  ???
0x7f0a33fbb000 - 0x7f0a33fbffff  libxdt.so  ???
0x7ffdc41c7000 - 0x7ffdc41c8fff  linux-gate.so  ???

******BACKTRACE*****
vserror (xmsim) [0x19fb0b7]
serror (xmsim) [0x19fcce5]
sv_seghandler_aux (xmsim) [0xc0b4be]
sv_seghandler (xmsim) [0xc0bd7d]
******BACKTRACE END*****