Operating system: Linux
                  0.0.0 Linux 4.18.0-477.21.1.el8_8.x86_64 #1 SMP Thu Jul 20 08:38:27 EDT 2023 x86_64
CPU: amd64
     family 6 model 106 stepping 6
     1 CPU

GPU: UNKNOWN

Crash reason:  DUMP_REQUESTED
Crash address: 0x7f7efcff6406
Process uptime: not available

Thread 0 (crashed)
 0  libcbreakpad.so + 0x36406
    rax = 0x0000000000000000   rdx = 0x0000000000000000
    rcx = 0x00007f7efcff4cb2   rbx = 0x00007f7efb380ea0
    rsi = 0x0000000000000001   rdi = 0x00007f7efb380828
    rbp = 0x00007f7efb380de0   rsp = 0x00007f7efb380790
     r8 = 0x0000000000000000    r9 = 0x0000000000000000
    r10 = 0x0000000000000000   r11 = 0x0000000000000000
    r12 = 0x0000000000000000   r13 = 0x00007f7efb381198
    r14 = 0x00007f7efb380e20   r15 = 0x0000000005d0458c
    rip = 0x00007f7efcff6406
    Found by: given as instruction pointer in context
 1  libcbreakpad.so + 0x34672
    rbp = 0x00007f7efb380f30   rsp = 0x00007f7efb380df0
    rip = 0x00007f7efcff4672
    Found by: previous frame's frame pointer

Loaded modules:
0x00400000 - 0x02508fff  xmsim  ???  (main)
0x7f7efa44e000 - 0x7f7efa45dfff  waves.dsn  ???
0x7f7efa45e000 - 0x7f7efa4bcfff  libdwapi.so  ???
0x7f7efaad1000 - 0x7f7efaae7fff  libml_uvm.so  ???
0x7f7efb385000 - 0x7f7efb493fff  libStrapNC.so  ???
0x7f7efb54a000 - 0x7f7efb5dbfff  libdcapi.so  ???
0x7f7efb60b000 - 0x7f7efb651fff  LC_CTYPE  ???
0x7f7efb652000 - 0x7f7efb6d4fff  libpcre2-8.so.0.7.1  ???
0x7f7efb8d6000 - 0x7f7efb8fcfff  libselinux.so.1  ???
0x7f7efbb01000 - 0x7f7efbb07fff  libuuid.so.1.3.0  ???
0x7f7efbd09000 - 0x7f7efbd55fff  libblkid.so.1.1.0  ???
0x7f7efbf5c000 - 0x7f7efbfb1fff  libmount.so.1.1.0  ???
0x7f7efc1b6000 - 0x7f7efc1bcfff  librt-2.28.so  ???
0x7f7efc3be000 - 0x7f7efc461fff  libnss_myhostname.so.2  ???
0x7f7efc669000 - 0x7f7efc67cfff  libresolv-2.28.so  ???
0x7f7efc881000 - 0x7f7efc885fff  libnss_dns-2.28.so  ???
0x7f7efca88000 - 0x7f7efca92fff  libnss_files-2.28.so  ???
0x7f7efcc9b000 - 0x7f7efcca4fff  libnss_sss.so.2  ???
0x7f7efcf27000 - 0x7f7efcfb6fff  libxmjudy.so.1.0.3  ???
0x7f7efcfc0000 - 0x7f7efd013fff  libcbreakpad.so  ???  (WARNING: No symbols, libcbreakpad.so, AFEE64E8DCCB702F471812F06340E4030)
0x7f7efd031000 - 0x7f7efd1fdfff  libc-2.28.so  ???
0x7f7efd407000 - 0x7f7efd41afff  libgcc_s.so.1  ???
0x7f7efd421000 - 0x7f7efd5a1fff  libm-2.28.so  ???
0x7f7efd7a3000 - 0x7f7efd7a5fff  libdl-2.28.so  ???
0x7f7efd9a7000 - 0x7f7efd9c1fff  libpthread-2.28.so  ???
0x7f7efdbc7000 - 0x7f7efdbf5fff  ld-2.28.so  ???
0x7f7efdc06000 - 0x7f7efdd84fff  libstdc++.so.6.0.28  ???
0x7f7efdde9000 - 0x7f7efddedfff  libxdt.so  ???
0x7fff33fd9000 - 0x7fff33fdafff  linux-gate.so  ???

******BACKTRACE*****
vserror (xmsim) [0x19fb0b7]
serror (xmsim) [0x19fcce5]
sv_seghandler_aux (xmsim) [0xc0b4be]
sv_seghandler (xmsim) [0xc0bd7d]
******BACKTRACE END*****