csi-xmsim - CSI: Command line:
xmsim
    -f /home/userdata/23bvd0043/project/Tetrel-RISCV/SoC/workspace/xcelium.d/run.lnx8664.22.09.d/cadence-server.vit.ac.in_1273484/xmsim.args
        +bus_conflict_off
        -gui
        -MESSAGES
        +EMGRLOG xrun.log
        -XLSTIME 1772521956
        -XLKEEP
        -XLMODE ./xcelium.d/run.lnx8664.22.09.d
        -RUNMODE
        -CDSLIB ./xcelium.d/run.lnx8664.22.09.d/cds.lib
        -HDLVAR ./xcelium.d/run.lnx8664.22.09.d/hdl.var
        -XLNAME xrun
        -XLVERSION TOOL:	xrun(64)	22.09-s003
        -XLNAME ./xcelium.d/run.lnx8664.22.09.d/cadence-server.vit.ac.in_1273484
    -CHECK_VERSION TOOL:	xrun(64)	22.09-s003
    -LOG_FD 4
    -LOG_FD_NAME xrun.log
    -cmdnopsim
    -runlock /home/userdata/23bvd0043/project/Tetrel-RISCV/SoC/workspace/xcelium.d/run.lnx8664.22.09.d/.xmlib.lock
    -runscratch /home/userdata/23bvd0043/project/Tetrel-RISCV/SoC/workspace/xcelium.d/run.lnx8664.22.09.d/cadence-server.vit.ac.in_1273484

csi-xmsim - CSI: *F,INTERR: INTERNAL EXCEPTION
Observed simulation time : 0 FS + 0
-----------------------------------------------------------------
The tool has encountered an unexpected condition and must exit.
Contact Cadence Design Systems customer support about this
problem and provide enough information to help us reproduce it,
including the logfile that contains this error message.
  TOOL:	xmsim(64)	22.09-s003
  HOSTNAME: cadence-server.vit.ac.in
  OPERATING SYSTEM: Linux 4.18.0-477.21.1.el8_8.x86_64 #1 SMP Thu Jul 20 08:38:27 EDT 2023 x86_64
  MESSAGE: T(0): sv_seghandler - trapno -1 addr(0x5e6beac)
	Stream rts_xfer
-----------------------------------------------------------------

csi-xmsim - CSI: Cadence Support Investigation, recording details
External Code in function: <unavailable> offset -65518
External Code in function: <unavailable> offset -65536
Verilog Syntax Tree: indexed vector type (VST_T_INDEXED_VEC) in module worklib.top:sv (VST)
	Scope: top
	Decompile: logic
Verilog Syntax Tree: wire declaration (VST_D_WIRE) in module worklib.top:sv (VST)
	File: /home/userdata/23bvd0043/project/Tetrel-RISCV/SoC/sourcecode/rtl/top.sv, line 28, position 23
	Scope: top
	Decompile: logic reg_div_we
	Source  : 	wire [ 3:0]  reg_div_we;
	Position: 	                      ^
Verilog Syntax Tree: logic type (VST_T_LOGIC) in module worklib.top:sv (VST)
	Decompile: logic
Verilog Syntax Tree: static range (VST_R_STATIC_RANGE) in module worklib.top:sv (VST)
	Decompile: 3 to 0
Verilog Syntax Tree: module declaration (VST_D_MODULE) in module worklib.top_tb:sv (VST)
	File: /home/userdata/23bvd0043/project/Tetrel-RISCV/SoC/sourcecode/tb/top_tb.sv, line 5, position 12
	Scope: top_tb
	Decompile: top_tb
	Source  : module top_tb;
	Position:             ^
Verilog Syntax Tree: wire declaration (VST_D_WIRE) in module worklib.top:sv (VST)
	File: /home/userdata/23bvd0043/project/Tetrel-RISCV/SoC/sourcecode/rtl/top.sv, line 25, position 18
	Scope: top
	Decompile: logic ser_tx
	Source  : 	wire        ser_tx;
	Position: 	                 ^
Verilog Syntax Tree: wire declaration (VST_D_WIRE) in module worklib.top:sv (VST)
	File: /home/userdata/23bvd0043/project/Tetrel-RISCV/SoC/sourcecode/rtl/top.sv, line 16, position 31
	Scope: top
	Decompile: logic memory_mem_valid
	Source  :     wire        memory_mem_valid;
	Position:                                ^
Verilog Syntax Tree: module declaration (VST_D_MODULE) in module worklib.top:sv (VST)
	File: /home/userdata/23bvd0043/project/Tetrel-RISCV/SoC/sourcecode/rtl/top.sv, line 1, position 9
	Scope: top
	Decompile: top
	Source  : module top (
	Position:          ^
Verilog Syntax Tree: overlay table (VST_OVERLAY_TABLE) in module worklib.top_tb:sv (SIG) <0x7b466bd0>
	Decompile: top_tb
Verilog Syntax Tree: register declaration (VST_D_REG) in module worklib.top_tb:sv (VST)
	File: /home/userdata/23bvd0043/project/Tetrel-RISCV/SoC/sourcecode/tb/top_tb.sv, line 9, position 13
	Scope: top_tb
	Decompile: reg resetn
	Source  :     reg resetn = 0;
	Position:              ^
Intermediate File: string (IF_STRING) in module worklib.top_tb:sv (VST)
	Decompile: dut
Verilog Syntax Tree: instance declaration (VST_D_INSTANCE) in module worklib.top_tb:sv (VST)
	File: /home/userdata/23bvd0043/project/Tetrel-RISCV/SoC/sourcecode/tb/top_tb.sv, line 21, position 10
	Scope: top_tb
	Decompile: dut
	Source  :     top dut(
	Position:           ^
Intermediate File: string (IF_STRING) in module worklib.top_tb:sv (VST)
	Decompile: top_tb
Intermediate File: string (IF_STRING) in module worklib.top:sv (VST)
	Decompile: ser_tx
Intermediate File: root (IF_ROOT) in module worklib.top:sv (VST)
External Code in function: <unavailable> offset 176128
Verilog Syntax Tree: wire declaration (VST_D_WIRE) in module worklib.top:sv (VST)
	File: /home/userdata/23bvd0043/project/Tetrel-RISCV/SoC/sourcecode/rtl/top.sv, line 2, position 19
	Scope: top
	Decompile: logic clk
	Source  :     input  logic clk,
	Position:                    ^
Intermediate File: data block (IF_BLK) in snapshot worklib.top_tb:sv (SSS)
Verilog Syntax Tree: wire declaration (VST_D_WIRE) in module worklib.top:sv (VST)
	File: /home/userdata/23bvd0043/project/Tetrel-RISCV/SoC/sourcecode/rtl/top.sv, line 3, position 22
	Scope: top
	Decompile: logic resetn
	Source  :     input  logic resetn
	Position:                       ^
External Code in function: <unavailable> offset -65529
User Code in function: <unavailable> offset 41086154
csi-xmsim - CSI: investigation complete took 0.010 secs, send this file to Cadence Support
